[main]	INFO	profile include tests: None
[main]	INFO	profile exclude tests: None
[main]	INFO	cli include tests: None
[main]	INFO	cli exclude tests: None
[main]	INFO	running on Python 3.14.7
[tester]	WARNING	nosec encountered (B603), but no failed test on file services/mcp_gateway.py:384
[tester]	WARNING	nosec encountered (B607), but no failed test on file services/safe_shell.py:299
[tester]	WARNING	nosec encountered (B607), but no failed test on file services/safe_shell.py:488
Run started:2026-09-25 13:28:11.148232+00:00

Test results:
	No issues identified.

Code scanned:
	Total lines of code: 7261
	Total lines skipped (#nosec): 2
	Total potential issues skipped due to specifically being disabled (e.g., #nosec BXXX): 24

Run metrics:
	Total issues (by severity):
		Undefined: 0
		Low: 0
		Medium: 0
		High: 0
	Total issues (by confidence):
		Undefined: 0
		Low: 0
		Medium: 0
		High: 0
Files skipped (0):
